V3 15
FL "C:/Users/Robin Andersson/OneDrive/Skola/D0011E/Lab3b/Counter/ADDER.vhd" 2016/04/25.09:48:38 P.49d
EN work/ADDER 1461682431 \
      FL "C:/Users/Robin Andersson/OneDrive/Skola/D0011E/Lab3b/Counter/ADDER.vhd" \
      PB ieee/std_logic_1164 1354696159
AR work/ADDER/Behavioral 1461682432 \
      FL "C:/Users/Robin Andersson/OneDrive/Skola/D0011E/Lab3b/Counter/ADDER.vhd" \
      EN work/ADDER 1461682431 CP FULL_ADDER
FL "C:/Users/Robin Andersson/OneDrive/Skola/D0011E/Lab3b/Counter/FULL_ADDER.vhd" 2016/04/19.15:06:14 P.49d
EN work/FULL_ADDER 1461682427 \
      FL "C:/Users/Robin Andersson/OneDrive/Skola/D0011E/Lab3b/Counter/FULL_ADDER.vhd" \
      PB ieee/std_logic_1164 1354696159
AR work/FULL_ADDER/Behavioral 1461682428 \
      FL "C:/Users/Robin Andersson/OneDrive/Skola/D0011E/Lab3b/Counter/FULL_ADDER.vhd" \
      EN work/FULL_ADDER 1461682427
FL "C:/Users/Robin Andersson/OneDrive/Skola/D0011E/Lab3b/Counter/PCPlus4.vhd" 2016/04/26.10:01:56 P.49d
EN work/PCPlus4 1461682433 \
      FL "C:/Users/Robin Andersson/OneDrive/Skola/D0011E/Lab3b/Counter/PCPlus4.vhd" \
      PB ieee/std_logic_1164 1354696159
AR work/PCPlus4/Behavioral 1461682434 \
      FL "C:/Users/Robin Andersson/OneDrive/Skola/D0011E/Lab3b/Counter/PCPlus4.vhd" \
      EN work/PCPlus4 1461682433 CP MyRegister CP ADDER
FL "C:/Users/Robin Andersson/OneDrive/Skola/D0011E/Lab3b/Counter/Register.vhd" 2016/04/26.15:02:09 P.49d
EN work/MyRegister 1461682429 \
      FL "C:/Users/Robin Andersson/OneDrive/Skola/D0011E/Lab3b/Counter/Register.vhd" \
      PB ieee/std_logic_1164 1354696159
AR work/MyRegister/Behavioral 1461682430 \
      FL "C:/Users/Robin Andersson/OneDrive/Skola/D0011E/Lab3b/Counter/Register.vhd" \
      EN work/MyRegister 1461682429
