EN multiplexer NULL "C:/Users/Robin Andersson/OneDrive/Skola/D0011E/Lab3b/ALU/Multiplexer.vhd" sub00/vhpl06 1461575282
AR norunit behavioral "C:/Users/Robin Andersson/OneDrive/Skola/D0011E/Lab3b/ALU/NorUnit.vhd" sub00/vhpl15 1461574634
EN adder NULL "C:/Users/Robin Andersson/OneDrive/Skola/D0011E/Lab3b/ALU/ADDER.vhd" sub00/vhpl02 1461575272
AR zeroextend behavioral "C:/Users/Robin Andersson/OneDrive/Skola/D0011E/Lab3b/ALU/ZeroExtend.vhd" sub00/vhpl13 1461575281
EN norunit NULL "C:/Users/Robin Andersson/OneDrive/Skola/D0011E/Lab3b/ALU/NorUnit.vhd" sub00/vhpl14 1461574633
EN andunit NULL "C:/Users/Robin Andersson/OneDrive/Skola/D0011E/Lab3b/ALU/AndUnit.vhd" sub00/vhpl08 1461575274
AR orunit behavioral "C:/Users/Robin Andersson/OneDrive/Skola/D0011E/Lab3b/ALU/OrUnit.vhd" sub00/vhpl11 1461575277
AR arithmeticunit behavioral "C:/Users/Robin Andersson/OneDrive/Skola/D0011E/Lab3b/ALU/ArithmeticUnit.vhd" sub00/vhpl05 1461575279
EN zeroextend NULL "C:/Users/Robin Andersson/OneDrive/Skola/D0011E/Lab3b/ALU/ZeroExtend.vhd" sub00/vhpl12 1461575280
EN full_adder NULL "C:/Users/Robin Andersson/OneDrive/Skola/D0011E/Lab3b/ALU/FULL_ADDER.vhd" sub00/vhpl00 1461575270
AR adder behavioral "C:/Users/Robin Andersson/OneDrive/Skola/D0011E/Lab3b/ALU/ADDER.vhd" sub00/vhpl03 1461575273
AR full_adder behavioral "C:/Users/Robin Andersson/OneDrive/Skola/D0011E/Lab3b/ALU/FULL_ADDER.vhd" sub00/vhpl01 1461575271
EN orunit NULL "C:/Users/Robin Andersson/OneDrive/Skola/D0011E/Lab3b/ALU/OrUnit.vhd" sub00/vhpl10 1461575276
AR logicunit behavioral "C:/Users/Robin Andersson/OneDrive/Skola/D0011E/Lab3b/ALU/LogicUnit.vhd" sub00/vhpl17 1461575285
EN logicunit NULL "C:/Users/Robin Andersson/OneDrive/Skola/D0011E/Lab3b/ALU/LogicUnit.vhd" sub00/vhpl16 1461575284
EN arithmeticunit NULL "C:/Users/Robin Andersson/OneDrive/Skola/D0011E/Lab3b/ALU/ArithmeticUnit.vhd" sub00/vhpl04 1461575278
AR andunit behavioral "C:/Users/Robin Andersson/OneDrive/Skola/D0011E/Lab3b/ALU/AndUnit.vhd" sub00/vhpl09 1461575275
AR multiplexer behavioral "C:/Users/Robin Andersson/OneDrive/Skola/D0011E/Lab3b/ALU/Multiplexer.vhd" sub00/vhpl07 1461575283
